<area shape="rect" href="$classsigc_1_1slot.html" title="Convenience wrapper for the numbered sigc::slot# templates." alt="" coords="833,5,1287,32">
<area shape="rect" href="$classsigc_1_1slot.html" title="sigc::slot\&lt; T_return \&gt;" alt="" coords="992,56,1128,83">
<area shape="rect" href="$classsigc_1_1slot.html" title="sigc::slot\&lt; T_return, T_arg1 \&gt;" alt="" coords="969,107,1151,133">
<area shape="rect" href="$classsigc_1_1slot.html" title="sigc::slot\&lt; T_return, T_arg1, T_arg2 \&gt;" alt="" coords="947,157,1173,184">
<area shape="rect" href="$classsigc_1_1slot.html" title="sigc::slot\&lt; T_return, T_arg1, T_arg2, T_arg3 \&gt;" alt="" coords="924,208,1196,235">
<area shape="rect" href="$classsigc_1_1slot.html" title="sigc::slot\&lt; T_return, T_arg1, T_arg2, T_arg3, T_arg4 \&gt;" alt="" coords="901,259,1219,285">
<area shape="rect" href="$classsigc_1_1slot.html" title="sigc::slot\&lt; T_return, T_arg1, T_arg2, T_arg3, T_arg4, T_arg5 \&gt;" alt="" coords="879,309,1241,336">
<area shape="rect" href="$classsigc_1_1slot.html" title="sigc::slot\&lt; T_return, T_arg1, T_arg2, T_arg3, T_arg4, T_arg5, T_arg6 \&gt;" alt="" coords="856,360,1264,387">
<area shape="rect" href="$classsigc_1_1slot__base.html" title="Base type for slots." alt="" coords="175,183,273,209">
<area shape="rect" href="$structsigc_1_1functor__base.html" title="A hint to the compiler." alt="" coords="7,183,124,209">
<area shape="rect" href="$classSigC_1_1Slot7.html" title="Converts an arbitrary functor to a unified type which is opaque." alt="" coords="1337,5,1804,32">
<area shape="rect" href="$classSigC_1_1Slot0.html" title="Converts an arbitrary functor to a unified type which is opaque." alt="" coords="1495,56,1647,83">
<area shape="rect" href="$classSigC_1_1Slot1.html" title="Converts an arbitrary functor to a unified type which is opaque." alt="" coords="1472,107,1669,133">
<area shape="rect" href="$classSigC_1_1Slot2.html" title="Converts an arbitrary functor to a unified type which is opaque." alt="" coords="1449,157,1692,184">
<area shape="rect" href="$classSigC_1_1Slot3.html" title="Converts an arbitrary functor to a unified type which is opaque." alt="" coords="1427,208,1715,235">
<area shape="rect" href="$classSigC_1_1Slot4.html" title="Converts an arbitrary functor to a unified type which is opaque." alt="" coords="1405,259,1736,285">
<area shape="rect" href="$classSigC_1_1Slot5.html" title="Converts an arbitrary functor to a unified type which is opaque." alt="" coords="1383,309,1759,336">
<area shape="rect" href="$classSigC_1_1Slot6.html" title="Converts an arbitrary functor to a unified type which is opaque." alt="" coords="1360,360,1781,387">
