<area shape="rect" href="$structsigc_1_1trackable.html" title="Base class for objects with auto&#45;disconnection." alt="" coords="5,415,104,441">
<area shape="rect" href="$structsigc_1_1internal_1_1slot__rep.html" title="Internal representation of a slot." alt="" coords="152,265,293,292">
<area shape="rect" href="$structsigc_1_1signal__base.html" title="Base class for the sigc::signal# templates." alt="" coords="167,563,279,589">
<area shape="rect" href="$structsigc_1_1internal_1_1typed__slot__rep.html" title="A typed slot_rep." alt="" coords="496,19,747,45">
<area shape="rect" href="$classsigc_1_1signal0.html" title="Signal declaration." alt="" coords="500,69,743,96">
<area shape="rect" href="$classsigc_1_1signal0.html" title="sigc::signal0\&lt; T_return, nil \&gt;" alt="" coords="533,132,709,159">
<area shape="rect" href="$classsigc_1_1signal1.html" title="Signal declaration." alt="" coords="477,208,765,235">
<area shape="rect" href="$classsigc_1_1signal1.html" title="sigc::signal1\&lt; T_return, T_arg1, nil \&gt;" alt="" coords="511,284,732,311">
<area shape="rect" href="$classsigc_1_1signal2.html" title="Signal declaration." alt="" coords="455,360,788,387">
<area shape="rect" href="$classsigc_1_1signal2.html" title="sigc::signal2\&lt; T_return, T_arg1, T_arg2, nil \&gt;" alt="" coords="488,436,755,463">
<area shape="rect" href="$classsigc_1_1signal3.html" title="Signal declaration." alt="" coords="432,512,811,539">
<area shape="rect" href="$classsigc_1_1signal3.html" title="sigc::signal3\&lt; T_return, T_arg1, T_arg2, T_arg3, nil \&gt;" alt="" coords="465,563,777,589">
<area shape="rect" href="$classsigc_1_1signal4.html" title="Signal declaration." alt="" coords="409,613,833,640">
<area shape="rect" href="$classsigc_1_1signal4.html" title="sigc::signal4\&lt; T_return, T_arg1, T_arg2, T_arg3, T_arg4, nil \&gt;" alt="" coords="443,689,800,716">
<area shape="rect" href="$classsigc_1_1signal5.html" title="Signal declaration." alt="" coords="387,765,856,792">
<area shape="rect" href="$classsigc_1_1signal5.html" title="sigc::signal5\&lt; T_return, T_arg1, T_arg2, T_arg3, T_arg4, T_arg5, nil \&gt;" alt="" coords="420,841,823,868">
<area shape="rect" href="$classsigc_1_1signal6.html" title="Signal declaration." alt="" coords="364,917,879,944">
<area shape="rect" href="$classsigc_1_1signal6.html" title="sigc::signal6\&lt; T_return, T_arg1, T_arg2, T_arg3, T_arg4, T_arg5, T_arg6, nil \&gt;" alt="" coords="397,993,845,1020">
<area shape="rect" href="$classsigc_1_1signal7.html" title="Signal declaration." alt="" coords="341,1069,901,1096">
<area shape="rect" href="$classsigc_1_1signal7.html" title="sigc::signal7\&lt; T_return, T_arg1, T_arg2, T_arg3, T_arg4, T_arg5, T_arg6, T_arg7, nil \&gt;" alt="" coords="375,1145,868,1172">
<area shape="rect" href="$classSigC_1_1Signal0.html" title="Signal declaration." alt="" coords="1147,5,1397,32">
<area shape="rect" href="$classsigc_1_1signal_3_01T__return_00_01nil_00_01nil_00_01nil_00_01nil_00_01nil_00_01nil_00_01nil_01_4_1_1accumulated.html" title="Convenience wrapper for the numbered sigc::signal0 template." alt="" coords="1036,56,1508,83">
<area shape="rect" href="$classsigc_1_1signal_3_01T__return_00_01nil_00_01nil_00_01nil_00_01nil_00_01nil_00_01nil_00_01nil_01_4.html" title="Convenience wrapper for the numbered sigc::signal0 template." alt="" coords="1124,107,1420,133">
<area shape="rect" href="$classSigC_1_1Signal1.html" title="Signal declaration." alt="" coords="1124,157,1420,184">
<area shape="rect" href="$classsigc_1_1signal_3_01T__return_00_01T__arg1_00_01nil_00_01nil_00_01nil_00_01nil_00_01nil_00_01nil_01_4_1_1accumulated.html" title="Convenience wrapper for the numbered sigc::signal1 template." alt="" coords="1024,208,1520,235">
<area shape="rect" href="$classsigc_1_1signal_3_01T__return_00_01T__arg1_00_01nil_00_01nil_00_01nil_00_01nil_00_01nil_00_01nil_01_4.html" title="Convenience wrapper for the numbered sigc::signal1 template." alt="" coords="1112,259,1432,285">
<area shape="rect" href="$classSigC_1_1Signal2.html" title="Signal declaration." alt="" coords="1101,309,1443,336">
<area shape="rect" href="$classsigc_1_1signal_3_01T__return_00_01T__arg1_00_01T__arg2_00_01nil_00_01nil_00_01nil_00_01nil_00_01nil_01_4_1_1accumulated.html" title="Convenience wrapper for the numbered sigc::signal2 template." alt="" coords="1012,360,1532,387">
<area shape="rect" href="$classsigc_1_1signal_3_01T__return_00_01T__arg1_00_01T__arg2_00_01nil_00_01nil_00_01nil_00_01nil_00_01nil_01_4.html" title="Convenience wrapper for the numbered sigc::signal2 template." alt="" coords="1100,411,1444,437">
<area shape="rect" href="$classSigC_1_1Signal3.html" title="Signal declaration." alt="" coords="1079,461,1465,488">
<area shape="rect" href="$classsigc_1_1signal_3_01T__return_00_01T__arg1_00_01T__arg2_00_01T__arg3_00_01nil_00_01nil_00_01852c349c390cefa04662a850d84c0a94.html" title="Convenience wrapper for the numbered sigc::signal3 template." alt="" coords="999,512,1545,539">
<area shape="rect" href="$classsigc_1_1signal_3_01T__return_00_01T__arg1_00_01T__arg2_00_01T__arg3_00_01nil_00_01nil_00_01nil_00_01nil_01_4.html" title="Convenience wrapper for the numbered sigc::signal3 template." alt="" coords="1088,563,1456,589">
<area shape="rect" href="$classSigC_1_1Signal4.html" title="Signal declaration." alt="" coords="1056,613,1488,640">
<area shape="rect" href="$classsigc_1_1signal_3_01T__return_00_01T__arg1_00_01T__arg2_00_01T__arg3_00_01T__arg4_00_01nil_0d729ce48b1328d982e0ee754652fed04.html" title="Convenience wrapper for the numbered sigc::signal4 template." alt="" coords="987,664,1557,691">
<area shape="rect" href="$classsigc_1_1signal_3_01T__return_00_01T__arg1_00_01T__arg2_00_01T__arg3_00_01T__arg4_00_01nil_00_01nil_00_01nil_01_4.html" title="Convenience wrapper for the numbered sigc::signal4 template." alt="" coords="1076,715,1468,741">
<area shape="rect" href="$classSigC_1_1Signal5.html" title="Signal declaration." alt="" coords="1033,765,1511,792">
<area shape="rect" href="$classsigc_1_1signal_3_01T__return_00_01T__arg1_00_01T__arg2_00_01T__arg3_00_01T__arg4_00_01T__arcf6cb51783c363bfae7c4a91d9685109.html" title="Convenience wrapper for the numbered sigc::signal5 template." alt="" coords="975,816,1569,843">
<area shape="rect" href="$classsigc_1_1signal_3_01T__return_00_01T__arg1_00_01T__arg2_00_01T__arg3_00_01T__arg4_00_01T__arg5_00_01nil_00_01nil_01_4.html" title="Convenience wrapper for the numbered sigc::signal5 template." alt="" coords="1064,867,1480,893">
<area shape="rect" href="$classSigC_1_1Signal6.html" title="Signal declaration." alt="" coords="1011,917,1533,944">
<area shape="rect" href="$classsigc_1_1signal_3_01T__return_00_01T__arg1_00_01T__arg2_00_01T__arg3_00_01T__arg4_00_01T__are33def4d0c1a12dcbfd220489302db67.html" title="Convenience wrapper for the numbered sigc::signal6 template." alt="" coords="963,968,1581,995">
<area shape="rect" href="$classsigc_1_1signal_3_01T__return_00_01T__arg1_00_01T__arg2_00_01T__arg3_00_01T__arg4_00_01T__arg5_00_01T__arg6_00_01nil_01_4.html" title="Convenience wrapper for the numbered sigc::signal6 template." alt="" coords="1051,1019,1493,1045">
<area shape="rect" href="$classSigC_1_1Signal7.html" title="Signal declaration." alt="" coords="988,1069,1556,1096">
<area shape="rect" href="$classsigc_1_1signal_1_1accumulated.html" title="Convenience wrapper for the numbered sigc::signal# templates." alt="" coords="951,1120,1593,1147">
<area shape="rect" href="$classsigc_1_1signal.html" title="Convenience wrapper for the numbered sigc::signal# templates." alt="" coords="1039,1171,1505,1197">
