<area shape="rect" href="$structsigc_1_1internal_1_1lambda__core_3_01T__type_00_01false_01_4.html" title="Abstracts lambda functionality (template specialization for other value types)." alt="" coords="561,5,820,32">
<area shape="rect" href="$structsigc_1_1internal_1_1lambda__core_3_01T__type_00_01true_01_4.html" title="Abstracts lambda functionality (template specialization for lambda values)." alt="" coords="564,56,817,83">
<area shape="rect" href="$structsigc_1_1internal_1_1lambda__select1.html" title="sigc::internal::lambda_select1" alt="" coords="600,107,781,133">
<area shape="rect" href="$structsigc_1_1internal_1_1lambda__select2.html" title="sigc::internal::lambda_select2" alt="" coords="600,157,781,184">
<area shape="rect" href="$structsigc_1_1internal_1_1lambda__select3.html" title="sigc::internal::lambda_select3" alt="" coords="600,208,781,235">
<area shape="rect" href="$structsigc_1_1internal_1_1lambda__select4.html" title="sigc::internal::lambda_select4" alt="" coords="600,259,781,285">
<area shape="rect" href="$structsigc_1_1internal_1_1lambda__select5.html" title="sigc::internal::lambda_select5" alt="" coords="600,309,781,336">
<area shape="rect" href="$structsigc_1_1internal_1_1lambda__select6.html" title="sigc::internal::lambda_select6" alt="" coords="600,360,781,387">
<area shape="rect" href="$structsigc_1_1internal_1_1lambda__select7.html" title="sigc::internal::lambda_select7" alt="" coords="600,411,781,437">
<area shape="rect" href="$structsigc_1_1lambda__group1.html" title="sigc::lambda_group1\&lt; T_functor, T_type1 \&gt;" alt="" coords="561,461,820,488">
<area shape="rect" href="$structsigc_1_1lambda__group2.html" title="sigc::lambda_group2\&lt; T_functor, T_type1, T_type2 \&gt;" alt="" coords="536,512,845,539">
<area shape="rect" href="$structsigc_1_1lambda__group3.html" title="sigc::lambda_group3\&lt; T_functor, T_type1, T_type2, T_type3 \&gt;" alt="" coords="509,563,872,589">
<area shape="rect" href="$structsigc_1_1lambda__operator.html" title="sigc::lambda_operator\&lt; T_action, T_type1, T_type2 \&gt;" alt="" coords="535,613,847,640">
<area shape="rect" href="$structsigc_1_1lambda__operator__convert.html" title="sigc::lambda_operator_convert\&lt; T_action, T_type, T_arg \&gt;" alt="" coords="521,664,860,691">
<area shape="rect" href="$structsigc_1_1lambda__operator__unary.html" title="sigc::lambda_operator_unary\&lt; T_action, T_type \&gt;" alt="" coords="545,715,836,741">
<area shape="rect" href="$structsigc_1_1adaptor__base.html" title="A hint to the compiler." alt="" coords="173,360,293,387">
<area shape="rect" href="$structsigc_1_1functor__base.html" title="A hint to the compiler." alt="" coords="7,360,124,387">
